error: the C backend cannot compile a `List<Int>` into an `Any` yet
  --> tests/native-unsupported/covered.keal:8:12
  |
8 |     return xs
  |            ^
  = note: only a value whose layout its tag can name crosses; a container crosses at its `<Any>` element type
error: the C backend cannot compile `?.` on an `Any` yet
  --> tests/native-unsupported/covered.keal:13:15
   |
13 |     return v?.toString() ?: "none"
   |               ^
  = note: run it on the bytecode VM instead, which supports the whole language
2 constructs the C backend does not cover yet
