19
tqx
17
c|a|f|é|–|n|a|ï|v|e|–|r|é|s|u|m|é
cé–é
17
émusér–evïan–éfac
θηζεδγβα
0
36
é
c
naïve
5
ne
true
ttt
2
xé
caught: index 17 is out of bounds for a string of 17 character(s)
caught: index -20 is out of bounds for a string of 19 character(s)
caught: index 19 is out of bounds for a string of 19 character(s)
