error: `BadAdd.plus` does not match `Add`, which declares `func plus(other: BadAdd): BadAdd`
  --> tests/errors/operators.keal:4:5
  |
4 |     func plus(other: Int): BadAdd { BadAdd(this.n + other) }
  |     ^
  = note: found `func plus(other: Int): BadAdd`
error: `BadOrd.compareTo` does not match `Ord`, which declares `func compareTo(other: BadOrd): Comp`
  --> tests/errors/operators.keal:8:5
  |
8 |     func compareTo(other: BadOrd): Bool { true }
  |     ^
  = note: found `func compareTo(other: BadOrd): Bool`
error: `Plain` cannot be used with `+`: it does not implement `Add`
  --> tests/errors/operators.keal:12:16
   |
12 | val summed = p + p
   |                ^
  = note: declare it with `class Plain : Add` and define `plus`
error: `Plain` cannot be negated: it does not implement `Neg`
  --> tests/errors/operators.keal:13:15
   |
13 | val negated = -p
   |               ^
  = note: declare it with `class Plain : Neg` and define `negate`
error: `Plain` cannot be used with `<`: it does not implement `Ord`
  --> tests/errors/operators.keal:14:17
   |
14 | val ordered = p < p
   |                 ^
  = note: declare it with `class Plain : Ord` and define `compareTo`
5 errors found
