error: `Broken` does not implement `Show`: `tag` is missing
  --> tests/errors/traits.keal:11:1
   |
11 | class Broken(val n: Int) : Show {
   | ^
  = note: add `func tag(prefix: String): String`
error: `Broken.show` does not match `Show`, which declares `func show(): String`
  --> tests/errors/traits.keal:12:5
   |
12 |     func show(): Int { this.n }
   |     ^
  = note: found `func show(): Int`
error: `Wrong.compareTo` does not match `Ordered`, which declares `func compareTo(other: Wrong): Int`
  --> tests/errors/traits.keal:17:5
   |
17 |     func compareTo(other: Int): Int { this.n - other }
   |     ^
  = note: found `func compareTo(other: Int): Int`
error: `Missing` does not implement `Ordered`: `compareTo` is missing
  --> tests/errors/traits.keal:20:1
   |
20 | class Missing(val n: Int) : Ordered
   | ^
  = note: add `func compareTo(other: Missing): Int`
error: `Show` is listed twice on `Twice`
  --> tests/errors/traits.keal:22:33
   |
22 | class Twice(val n: Int) : Show, Show {
   |                                 ^
error: `Broken` is not a trait
  --> tests/errors/traits.keal:27:31
   |
27 | class NotATrait(val n: Int) : Broken
   |                               ^
  = note: a class may only list traits after `:`
6 errors found
