error: initializer has type `String`, but `Int` was expected
  --> tests/errors/types.keal:3:22
  |
3 | val wrongType: Int = "text"
  |                      ^
error: `<` cannot be applied to `String` and `Int`
  --> tests/errors/types.keal:4:22
  |
4 | val badCompare = "a" < 1
  |                      ^
error: `notCallable` has type `Int` and is not callable
  --> tests/errors/types.keal:6:14
  |
6 | val called = notCallable()
  |              ^
error: an `if` without `else` produces no value
  --> tests/errors/types.keal:7:20
  |
7 | val noValue: Int = if (true) { 1 }
  |                    ^
  = note: add an `else` branch so every path has a result
error: initializer has type `Unit`, but `Int` was expected
  --> tests/errors/types.keal:7:20
  |
7 | val noValue: Int = if (true) { 1 }
  |                    ^
error: cannot infer a type from `null` alone
  --> tests/errors/types.keal:8:16
  |
8 | val fromNull = null
  |                ^
  = note: add an explicit type, e.g. `val x: String? = null`
error: function `missingReturn` must return a value of type `Int`
  --> tests/errors/types.keal:10:1
   |
10 | fun missingReturn(): Int {
   | ^
  = note: add a `return`, or make the last expression the result
error: function `wrongReturn` ends with an expression of type `Int`, but its return type is `String`
  --> tests/errors/types.keal:14:29
   |
14 | fun wrongReturn(): String { 42 }
   |                             ^
  = note: the value of a function body is its last expression
error: unknown type `Widget`
  --> tests/errors/types.keal:16:14
   |
16 | val unknown: Widget = add(1, 2)
   |              ^
error: `List<Int>` has no method `frobnicate`
  --> tests/errors/types.keal:17:24
   |
17 | val badMethod = [1, 2].frobnicate()
   |                        ^
error: `+` cannot be applied to `Int` and `String`
  --> tests/errors/types.keal:18:20
   |
18 | val badOperand = 1 + "two"
   |                    ^
  = note: to build a string, use interpolation: "${a}${b}"
11 errors found
